../Core/Src/main.c:94:6:HAL_TIM_PeriodElapsedCallback	16	static
../Core/Src/main.c:152:5:main	176	static
../Core/Src/main.c:325:6:SystemClock_Config	120	static
../Core/Src/main.c:385:13:MX_ADC1_Init	48	static
../Core/Src/main.c:562:13:MX_SPI1_Init	8	static
../Core/Src/main.c:610:13:MX_TIM2_Init	40	static
../Core/Src/main.c:655:13:MX_UART4_Init	8	static
../Core/Src/main.c:701:13:MX_DMA_Init	16	static
../Core/Src/main.c:719:13:MX_GPIO_Init	56	static
../Core/Src/main.c:816:6:BSP_PB_Callback	16	static
../Core/Src/main.c:828:6:Error_Handler	4	static,ignoring_inline_asm
