../Core/Src/main.c:98:6:HAL_TIM_PeriodElapsedCallback	16	static
../Core/Src/main.c:157:5:main	568	static
../Core/Src/main.c:337:6:SystemClock_Config	120	static
../Core/Src/main.c:397:13:MX_ADC1_Init	48	static
../Core/Src/main.c:574:13:MX_SPI1_Init	8	static
../Core/Src/main.c:622:13:MX_TIM2_Init	40	static
../Core/Src/main.c:667:13:MX_UART4_Init	8	static
../Core/Src/main.c:713:13:MX_DMA_Init	16	static
../Core/Src/main.c:731:13:MX_GPIO_Init	56	static
../Core/Src/main.c:829:6:BSP_PB_Callback	16	static
../Core/Src/main.c:841:6:Error_Handler	4	static,ignoring_inline_asm
